[debug] [2025-01-16T12:42:41.930Z] ----------------------------------------------------------------------
[debug] [2025-01-16T12:42:41.937Z] Command:       C:\Program Files\nodejs\node.exe C:\Users\Lenovo\AppData\Roaming\npm\node_modules\firebase-tools\lib\bin\firebase.js init
[debug] [2025-01-16T12:42:41.937Z] CLI Version:   13.17.0
[debug] [2025-01-16T12:42:41.937Z] Platform:      win32
[debug] [2025-01-16T12:42:41.937Z] Node Version:  v20.14.0
[debug] [2025-01-16T12:42:41.937Z] Time:          Thu Jan 16 2025 18:12:41 GMT+0530 (India Standard Time)
[debug] [2025-01-16T12:42:41.937Z] ----------------------------------------------------------------------
[debug] 
[debug] [2025-01-16T12:42:41.946Z] > command requires scopes: ["email","openid","https://www.googleapis.com/auth/cloudplatformprojects.readonly","https://www.googleapis.com/auth/firebase","https://www.googleapis.com/auth/cloud-platform"]
[debug] [2025-01-16T12:42:41.946Z] > authorizing via signed-in user (srimantharun@uxmint.in)
[info] 
     ######## #### ########  ######## ########     ###     ######  ########
     ##        ##  ##     ## ##       ##     ##  ##   ##  ##       ##
     ######    ##  ########  ######   ########  #########  ######  ######
     ##        ##  ##    ##  ##       ##     ## ##     ##       ## ##
     ##       #### ##     ## ######## ########  ##     ##  ######  ########

You're about to initialize a Firebase project in this directory:

  C:\Users\Lenovo\Documents\GitHub\PdftoImage_converter

[debug] [2025-01-16T12:42:56.287Z] Error: Timed out.
    at Timeout._onTimeout (C:\Users\Lenovo\AppData\Roaming\npm\node_modules\firebase-tools\lib\utils.js:268:49)
    at listOnTimeout (node:internal/timers:573:17)
    at process.processTimers (node:internal/timers:514:7)
[error] 
[error] Error: An unexpected error has occurred.
